src/000_all.php:5 PhanPluginUnusedVariable Variable is never used: $one
src/000_all.php:6 PhanPluginUnusedVariable Variable is never used: $two
src/000_all.php:27 PhanPluginUnusedPublicMethodArgument Parameter is never used: $three
src/000_all.php:54 PhanPluginUnusedVariable Variable is never used: $four
src/000_all.php:68 PhanPluginUnusedVariable Variable is never used: $five
src/000_all.php:124 PhanPluginUnusedVariable Variable is never used: $six
src/000_all.php:156 PhanPluginUnusedVariable Variable is never used: $seven
src/000_all.php:167 PhanPluginUnusedVariable Variable is never used: $eight
src/000_all.php:203 PhanPluginUnusedVariable Variable is never used: $b
src/000_all.php:207 PhanPluginUnusedVariable Variable is never used: $nine
src/000_all.php:251 PhanPluginUnusedVariable Variable is never used: $ten
src/000_all.php:273 PhanPluginUnusedVariable Variable is never used: $eleven
src/000_all.php:295 PhanPluginUnusedVariable Variable is never used: $twelwe
src/000_all.php:327 PhanPluginUnusedVariable Variable is never used: $thirteen
src/000_all.php:437 PhanPluginUnusedVariable Variable is never used: $fourteen
src/000_all.php:459 PhanPluginUnusedVariable Variable is never used: $validate
src/000_all.php:468 PhanPluginUnusedVariable Variable is never used: $validate
src/000_all.php:475 PhanPluginUnusedVariable Variable is never used: $a
src/001_func.php:7 PhanPluginUnusedVariable Variable is never used: $one
src/001_func.php:8 PhanPluginUnusedVariable Variable is never used: $two
src/001_func.php:9 PhanNoopBinaryOperator Unused result of a binary '+' operator
src/001_func.php:25 PhanPluginUnusedGlobalFunctionArgument Parameter is never used: $three
src/002_closure.php:7 PhanPluginUnusedVariable Variable is never used: $one
src/002_closure.php:8 PhanPluginUnusedVariable Variable is never used: $two
src/002_closure.php:9 PhanNoopBinaryOperator Unused result of a binary '+' operator
src/002_closure.php:24 PhanPluginUnusedClosureArgument Parameter is never used: $three
src/005_static_variables.php:24 PhanPluginUnusedVariable Variable is never used: $initialized
src/006_references.php:14 PhanPluginUnusedPublicMethodArgument Parameter is never used: $fifteen
src/006_references.php:35 PhanPluginUnnecessaryReference $sixteen is a reference to $seventeen, but $seventeen is never used
src/006_references.php:37 PhanPluginUnusedVariable Variable is never used: $sixteen
src/006_references.php:71 PhanPluginUnnecessaryReference $eighteen is a reference to $nineteen, but $nineteen is never used
src/006_references.php:104 PhanPluginUnusedVariable Variable is never used: $secName
src/007_loops.php:18 PhanPluginUnusedVariable Variable is never used: $i
src/007_loops.php:26 PhanPluginUnusedVariable Variable is never used: $k
src/007_loops.php:26 PhanPluginUnusedVariable Variable is never used: $v
src/007_loops.php:32 PhanPluginUnusedGlobalFunctionArgument Parameter is never used: $start
src/007_loops.php:33 PhanPluginUnusedVariable Variable is never used: $i
src/013_closure.php:10 PhanPluginUnusedClosureUseArgument Closure use variable is never used: $c
src/013_closure_simple.php:6 PhanPluginUnusedClosureUseArgument Closure use variable is never used: $c
src/016_globals.php:6 PhanPluginUnusedVariable Variable is never used: $_ENVNOTSUPERGLOBAL
src/017_this.php:5 PhanPluginUnusedPublicMethodArgument Parameter is never used: $key
src/017_this.php:6 PhanPluginUnusedPublicMethodArgument Parameter is never used: $key
src/017_this.php:6 PhanPluginUnusedPublicMethodArgument Parameter is never used: $value
src/017_this.php:7 PhanPluginUnusedPublicMethodArgument Parameter is never used: $key
src/017_this.php:8 PhanPluginUnusedPublicMethodArgument Parameter is never used: $key
src/018_raii.php:10 PhanPluginUnusedVariable Variable is never used: $value
src/019_final.php:4 PhanPluginUnusedPublicFinalMethodArgument Parameter is never used: $arg
src/019_final.php:9 PhanPluginUnusedProtectedFinalMethodArgument Parameter is never used: $arg
src/020_crash.php:20 PhanPluginUnusedVariable Variable is never used: $key
